INFO: [VRFC 10-2263] Analyzing SystemVerilog file "C:/Users/vovt2/classes/CPE3300/pipelineCPU/pipelineCPU.srcs/sources_1/imports/233_Final/233_Final.srcs/sources_1/imports/aidan/233_HW5/233_HW5.srcs/sources_1/new/BAG.sv" into library xil_defaultlib
INFO: [VRFC 10-311] analyzing module BAG
INFO: [VRFC 10-2263] Analyzing SystemVerilog file "C:/Users/vovt2/classes/CPE3300/pipelineCPU/pipelineCPU.srcs/sources_1/imports/233_Final/233_Final.srcs/sources_1/imports/aidan/233_HW5/233_HW5.srcs/sources_1/new/BCG.sv" into library xil_defaultlib
INFO: [VRFC 10-311] analyzing module BCG
INFO: [VRFC 10-2263] Analyzing SystemVerilog file "C:/Users/vovt2/classes/CPE3300/pipelineCPU/pipelineCPU.srcs/sources_1/imports/233_Final/233_Final.srcs/sources_1/imports/aidan/233_HW4/233_HW4.srcs/sources_1/new/Imm_Gen.sv" into library xil_defaultlib
INFO: [VRFC 10-311] analyzing module Imm_Gen
INFO: [VRFC 10-2263] Analyzing SystemVerilog file "C:/Users/vovt2/classes/CPE3300/pipelineCPU/pipelineCPU.srcs/sources_1/imports/233_Final/233_Final.srcs/sources_1/imports/aidan/233_HW2/233_HW2.srcs/sources_1/new/PC_PCmux.v" into library xil_defaultlib
INFO: [VRFC 10-311] analyzing module PC_PCmux
INFO: [VRFC 10-2263] Analyzing SystemVerilog file "C:/Users/vovt2/classes/CPE3300/pipelineCPU/pipelineCPU.srcs/sources_1/imports/233_Final/233_Final.srcs/sources_1/imports/aidan/233_HW4_2/233_HW4_2.srcs/sources_1/new/alu.sv" into library xil_defaultlib
INFO: [VRFC 10-311] analyzing module alu
INFO: [VRFC 10-2263] Analyzing SystemVerilog file "C:/Users/vovt2/classes/CPE3300/pipelineCPU/pipelineCPU.srcs/sources_1/imports/CPE3300/myProgROM.sv" into library xil_defaultlib
INFO: [VRFC 10-311] analyzing module ProgRom
INFO: [VRFC 10-2263] Analyzing SystemVerilog file "C:/Users/vovt2/classes/CPE3300/pipelineCPU/pipelineCPU.srcs/sources_1/imports/233_Final/233_Final.srcs/sources_1/new/otter_cpu.sv" into library xil_defaultlib
INFO: [VRFC 10-311] analyzing module otter_cpu
INFO: [VRFC 10-2263] Analyzing SystemVerilog file "C:/Users/vovt2/classes/CPE3300/pipelineCPU/pipelineCPU.srcs/sources_1/imports/233_Final/233_Final.srcs/sources_1/new/otter_dcdr.sv" into library xil_defaultlib
INFO: [VRFC 10-311] analyzing module otter_dcdr
INFO: [VRFC 10-2263] Analyzing SystemVerilog file "C:/Users/vovt2/classes/CPE3300/pipelineCPU/pipelineCPU.srcs/sources_1/imports/233_Final/233_Final.srcs/sources_1/new/otter_fsm.sv" into library xil_defaultlib
INFO: [VRFC 10-311] analyzing module otter_fsm
INFO: [VRFC 10-2263] Analyzing SystemVerilog file "C:/Users/vovt2/classes/CPE3300/pipelineCPU/pipelineCPU.srcs/sources_1/imports/233_Final/233_Final.srcs/sources_1/imports/aidan/Downloads/otter_memory_v1_07.sv" into library xil_defaultlib
INFO: [VRFC 10-311] analyzing module Memory
INFO: [VRFC 10-2263] Analyzing SystemVerilog file "C:/Users/vovt2/classes/CPE3300/pipelineCPU/pipelineCPU.srcs/sources_1/imports/233_Final/233_Final.srcs/sources_1/imports/aidan/233_HW3/233_HW3.srcs/sources_1/new/regFile.sv" into library xil_defaultlib
INFO: [VRFC 10-311] analyzing module regFile
INFO: [VRFC 10-2263] Analyzing SystemVerilog file "C:/Users/vovt2/classes/CPE3300/pipelineCPU/pipelineCPU.srcs/sim_1/imports/new/otter_tb.sv" into library xil_defaultlib
INFO: [VRFC 10-311] analyzing module otter_tb
