Vivado Simulator v2025.1.0
Copyright 1986-2022 Xilinx, Inc. All Rights Reserved.
Copyright 2022-2025 Advanced Micro Devices, Inc. All Rights Reserved.
Running: C:/Xilinx2/2025.1/Vivado/bin/unwrapped/win64.o/xelab.exe --incr --debug typical --relax --mt 2 -L xil_defaultlib -L uvm -L unisims_ver -L unimacro_ver -L secureip --snapshot otter_tb_behav xil_defaultlib.otter_tb xil_defaultlib.glbl -log elaborate.log 
Using 2 slave threads.
Starting static elaboration
Pass Through NonSizing Optimizer
WARNING: [VRFC 10-3823] variable 'ir' might have multiple concurrent drivers [C:/Users/vovt2/classes/CPE3300/pipelineCPU/pipelineCPU.srcs/sources_1/imports/233_Final/233_Final.srcs/sources_1/new/otter_cpu.sv:107]
Completed static elaboration
Starting simulation data flow analysis
Completed simulation data flow analysis
Time Resolution for simulation is 1ps
Compiling module xil_defaultlib.ProgRom
Compiling module xil_defaultlib.otter_fsm
Compiling module xil_defaultlib.otter_dcdr
Compiling module xil_defaultlib.Memory
Compiling module xil_defaultlib.PC
Compiling module xil_defaultlib.PCmux
Compiling module xil_defaultlib.PC_PCmux
Compiling module xil_defaultlib.BAG
Compiling module xil_defaultlib.BCG
Compiling module xil_defaultlib.Imm_Gen
Compiling module xil_defaultlib.regFile
Compiling module xil_defaultlib.alu
Compiling module xil_defaultlib.otter_cpu
Compiling module xil_defaultlib.otter_tb
Compiling module xil_defaultlib.glbl
Built simulation snapshot otter_tb_behav
